EXITCODE=0 ESP=0.092907417s LIMIT=65 CMD=/etc/rc.d/S00sysfixtime ARG=boot
EXITCODE=0 ESP=0.430070167s LIMIT=65 CMD=/etc/rc.d/S00wifi_fw_mount ARG=boot
EXITCODE=0 ESP=0.108435917s LIMIT=65 CMD=/etc/rc.d/S03cgroup_init ARG=boot
EXITCODE=256 ESP=0.023888459s LIMIT=65 CMD=/etc/rc.d/S08boot-ftm ARG=boot
EXITCODE=0 ESP=27.080432583s LIMIT=65 CMD=/etc/rc.d/S10boot ARG=boot
EXITCODE=0 ESP=0.216120334s LIMIT=65 CMD=/etc/rc.d/S10system ARG=boot
EXITCODE=0 ESP=0.034696458s LIMIT=65 CMD=/etc/init.d/system ARG=running
EXITCODE=0 ESP=0.204513375s LIMIT=65 CMD=/etc/rc.d/S10xqled ARG=boot
EXITCODE=0 ESP=0.034069750s LIMIT=65 CMD=/etc/rc.d/S11sysctl ARG=boot
EXITCODE=0 ESP=0.026145916s LIMIT=65 CMD=/etc/rc.d/S11timezone ARG=boot
EXITCODE=0 ESP=0.065196208s LIMIT=65 CMD=/etc/rc.d/S12rpcd ARG=boot
EXITCODE=0 ESP=0.042049125s LIMIT=65 CMD=/etc/init.d/rpcd ARG=running
EXITCODE=0 ESP=0.087531917s LIMIT=65 CMD=/etc/rc.d/S13tbusd ARG=boot
EXITCODE=0 ESP=0.036893459s LIMIT=65 CMD=/etc/init.d/tbusd ARG=running
EXITCODE=0 ESP=0.520625333s LIMIT=65 CMD=/etc/rc.d/S15qca-hostapd ARG=boot
EXITCODE=0 ESP=0.401644541s LIMIT=65 CMD=/etc/rc.d/S15qca-wpa-supplicant ARG=boot
EXITCODE=0 ESP=0.106414500s LIMIT=65 CMD=/etc/rc.d/S16qca-ssdk ARG=boot
EXITCODE=256 ESP=0.014687708s LIMIT=65 CMD=/etc/rc.d/S19cnss_diag ARG=boot
EXITCODE=0 ESP=0.606514292s LIMIT=65 CMD=/etc/rc.d/S19dnsmasq ARG=boot
EXITCODE=0 ESP=0.052590291s LIMIT=65 CMD=/etc/init.d/dnsmasq ARG=running
EXITCODE=0 ESP=0.139620625s LIMIT=65 CMD=/etc/rc.d/S19dropbear ARG=boot
EXITCODE=0 ESP=0.036016792s LIMIT=65 CMD=/etc/init.d/dropbear ARG=running
EXITCODE=0 ESP=2.490936291s LIMIT=65 CMD=/etc/rc.d/S19firewall ARG=boot
EXITCODE=0 ESP=0.036177959s LIMIT=65 CMD=/etc/init.d/firewall ARG=running
EXITCODE=0 ESP=0.193813833s LIMIT=65 CMD=/etc/rc.d/S19qca-nss-ecm ARG=boot
EXITCODE=0 ESP=0.374427292s LIMIT=65 CMD=/etc/rc.d/S20network ARG=boot
EXITCODE=0 ESP=0.193781917s LIMIT=65 CMD=/etc/rc.d/S21nginx ARG=boot
EXITCODE=0 ESP=0.051205833s LIMIT=65 CMD=/etc/init.d/nginx ARG=running
EXITCODE=0 ESP=0.164064500s LIMIT=65 CMD=/etc/rc.d/S25rngd ARG=boot
EXITCODE=0 ESP=0.058686334s LIMIT=65 CMD=/etc/init.d/rngd ARG=running
EXITCODE=0 ESP=0.074004833s LIMIT=65 CMD=/etc/rc.d/S30cron_fixup ARG=boot
EXITCODE=0 ESP=0.102948292s LIMIT=65 CMD=/etc/rc.d/S35odhcpd ARG=boot
EXITCODE=0 ESP=0.058462458s LIMIT=65 CMD=/etc/init.d/odhcpd ARG=running
EXITCODE=0 ESP=0.160190875s LIMIT=65 CMD=/etc/rc.d/S40skb_recycler ARG=boot
EXITCODE=0 ESP=0.071953458s LIMIT=65 CMD=/etc/init.d/skb_recycler ARG=running
EXITCODE=0 ESP=0.058223000s LIMIT=65 CMD=/etc/rc.d/S49diag_socket_app ARG=boot
EXITCODE=0 ESP=0.097897375s LIMIT=65 CMD=/etc/rc.d/S49ftm ARG=boot
EXITCODE=0 ESP=0.012053458s LIMIT=65 CMD=/etc/rc.d/S49memtestctl ARG=boot
EXITCODE=0 ESP=0.142725458s LIMIT=65 CMD=/etc/rc.d/S49messagingagent.sh ARG=boot
EXITCODE=0 ESP=0.090283541s LIMIT=65 CMD=/etc/init.d/messagingagent.sh ARG=running
EXITCODE=0 ESP=0.135864875s LIMIT=65 CMD=/etc/rc.d/S50cron ARG=boot
EXITCODE=0 ESP=0.055208917s LIMIT=65 CMD=/etc/init.d/cron ARG=running
EXITCODE=0 ESP=0.102961875s LIMIT=65 CMD=/etc/rc.d/S50pppoe-relay ARG=boot
EXITCODE=0 ESP=0.077957834s LIMIT=65 CMD=/etc/init.d/pppoe-relay ARG=running
EXITCODE=0 ESP=0.116663000s LIMIT=65 CMD=/etc/rc.d/S50pppoe-server ARG=boot
EXITCODE=0 ESP=0.045639917s LIMIT=65 CMD=/etc/init.d/pppoe-server ARG=running
EXITCODE=0 ESP=0.085151292s LIMIT=65 CMD=/etc/rc.d/S50telnet ARG=boot
