2026-08-01T12:28:55+05:00 XiaoQiang kernel: wifi_log: [Class 1 - RECV AUTH] - if="wl0", sta_mac="b8:87:6e:1a:e5:61", bssid="28:d1:27:5a:8f:2c", action="recv-auth", rssi="39", status="0", algorithm="0x0000", seq_num="1"
2026-08-01T12:28:55+05:00 XiaoQiang kernel: wifi_log: [Class 1 - SEND AUTH] - if="wl0", sta_mac="b8:87:6e:1a:e5:61", bssid="28:d1:27:5a:8f:2c", action="mlme-auth", status="0", seq_num="2"
2026-08-01T12:28:55+05:00 XiaoQiang kernel: wifi_log: [Class 2 - RECV ASSOC] - if="wl0", sta_mac="b8:87:6e:1a:e5:61", bssid="28:d1:27:5a:8f:2c", action="recv-assoc", rssi="39"
2026-08-01T12:28:55+05:00 XiaoQiang kernel: wifi_log: [Class 2 - SEND ASSOC RSP] - if="wl0", sta_mac="b8:87:6e:1a:e5:61", bssid="28:d1:27:5a:8f:2c", action="mlme-assoc", reason="0"
2026-08-01T12:28:55+05:00 XiaoQiang kernel: wifi_log: [Set auth Done] - if="wl0", sta_mac="b8:87:6e:1a:e5:61",bssid="28:d1:27:5a:8f:2c", action="authorize done", rssi="40"
2026-08-01T12:29:00+05:00 XiaoQiang kernel: wifi_log: [Class 1 - RECV AUTH] - if="wl1", sta_mac="64:90:c1:1a:5f:1f", bssid="28:d1:27:5a:8f:2d", action="recv-auth", rssi="43", status="0", algorithm="0x0000", seq_num="1"
2026-08-01T12:29:00+05:00 XiaoQiang kernel: wifi_log: [Class 1 - SEND AUTH] - if="wl1", sta_mac="64:90:c1:1a:5f:1f", bssid="28:d1:27:5a:8f:2d", action="mlme-auth", status="0", seq_num="2"
2026-08-01T12:29:00+05:00 XiaoQiang kernel: wifi_log: [Class 2 - RECV ASSOC] - if="wl1", sta_mac="64:90:c1:1a:5f:1f", bssid="28:d1:27:5a:8f:2d", action="recv-assoc", rssi="44"
2026-08-01T12:29:00+05:00 XiaoQiang kernel: wifi_log: [Class 2 - SEND ASSOC RSP] - if="wl1", sta_mac="64:90:c1:1a:5f:1f", bssid="28:d1:27:5a:8f:2d", action="mlme-assoc", reason="0"
2026-08-01T12:29:02+05:00 XiaoQiang kernel: wifi_log: [Class 1 - RECV DEAUTH] - if="wl1", sta_mac="64:90:c1:1a:5f:1f", bssid="28:d1:27:5a:8f:2d", action="recv-deauth", reason="3", rssi="47"
2026-08-01T12:29:06+05:00 XiaoQiang kernel: wifi_log: [Class 1 - RECV AUTH] - if="wl1", sta_mac="c4:93:bb:0b:4e:e3", bssid="28:d1:27:5a:8f:2d", action="recv-auth", rssi="40", status="0", algorithm="0x0000", seq_num="1"
2026-08-01T12:29:06+05:00 XiaoQiang kernel: wifi_log: [Class 1 - SEND AUTH] - if="wl1", sta_mac="c4:93:bb:0b:4e:e3", bssid="28:d1:27:5a:8f:2d", action="mlme-auth", status="0", seq_num="2"
2026-08-01T12:29:06+05:00 XiaoQiang kernel: wifi_log: [Class 2 - RECV ASSOC] - if="wl1", sta_mac="c4:93:bb:0b:4e:e3", bssid="28:d1:27:5a:8f:2d", action="recv-assoc", rssi="38"
2026-08-01T12:29:06+05:00 XiaoQiang kernel: wifi_log: [Class 2 - SEND ASSOC RSP] - if="wl1", sta_mac="c4:93:bb:0b:4e:e3", bssid="28:d1:27:5a:8f:2d", action="mlme-assoc", reason="0"
2026-08-01T12:29:06+05:00 XiaoQiang kernel: wifi_log: [Set auth Done] - if="wl1", sta_mac="c4:93:bb:0b:4e:e3",bssid="28:d1:27:5a:8f:2d", action="authorize done", rssi="32"
2026-08-01T16:30:31+05:00 XiaoQiang kernel: wifi_log: [Class 1 - RECV AUTH] - if="wl0", sta_mac="b0:6b:11:ce:bc:01", bssid="28:d1:27:5a:8f:2c", action="recv-auth", rssi="50", status="0", algorithm="0x0000", seq_num="1"
2026-08-01T16:30:31+05:00 XiaoQiang kernel: wifi_log: [Class 1 - SEND AUTH] - if="wl0", sta_mac="b0:6b:11:ce:bc:01", bssid="28:d1:27:5a:8f:2c", action="mlme-auth", status="0", seq_num="2"
2026-08-01T16:30:31+05:00 XiaoQiang kernel: wifi_log: [Class 2 - RECV ASSOC] - if="wl0", sta_mac="b0:6b:11:ce:bc:01", bssid="28:d1:27:5a:8f:2c", action="recv-assoc", rssi="50"
2026-08-01T16:30:31+05:00 XiaoQiang kernel: wifi_log: [Class 2 - SEND ASSOC RSP] - if="wl0", sta_mac="b0:6b:11:ce:bc:01", bssid="28:d1:27:5a:8f:2c", action="mlme-assoc", reason="0"
2026-08-01T16:30:31+05:00 XiaoQiang kernel: wifi_log: [Set auth Done] - if="wl0", sta_mac="b0:6b:11:ce:bc:01",bssid="28:d1:27:5a:8f:2c", action="authorize done", rssi="48"
2026-08-01T16:30:59+05:00 XiaoQiang kernel: wifi_log: [Class 1 - RECV AUTH] - if="wl1", sta_mac="90:fb:5d:c5:de:73", bssid="28:d1:27:5a:8f:2d", action="recv-auth", rssi="64", status="0", algorithm="0x0000", seq_num="1"
2026-08-01T16:30:59+05:00 XiaoQiang kernel: wifi_log: [Class 1 - SEND AUTH] - if="wl1", sta_mac="90:fb:5d:c5:de:73", bssid="28:d1:27:5a:8f:2d", action="mlme-auth", status="0", seq_num="2"
2026-08-01T16:30:59+05:00 XiaoQiang kernel: wifi_log: [Class 2 - RECV ASSOC] - if="wl1", sta_mac="90:fb:5d:c5:de:73", bssid="28:d1:27:5a:8f:2d", action="recv-assoc", rssi="64"
2026-08-01T16:30:59+05:00 XiaoQiang kernel: wifi_log: [Class 2 - SEND ASSOC RSP] - if="wl1", sta_mac="90:fb:5d:c5:de:73", bssid="28:d1:27:5a:8f:2d", action="mlme-assoc", reason="0"
2026-08-01T16:30:59+05:00 XiaoQiang kernel: wifi_log: [Set auth Done] - if="wl1", sta_mac="90:fb:5d:c5:de:73",bssid="28:d1:27:5a:8f:2d", action="authorize done", rssi="60"
2026-08-01T16:31:05+05:00 XiaoQiang kernel: wifi_log: [Class 1 - SEND DEAUTH] - if="wl13", sta_mac="2e:d1:27:5a:8f:2d", bssid="2e:d1:27:5a:8f:2d", action="send-deauth", reason="3"
2026-08-01T16:31:05+05:00 XiaoQiang kernel: wifi_log: [Class 1 - SEND DEAUTH] - if="wl13", sta_mac="2e:d1:27:5a:8f:2d", bssid="2e:d1:27:5a:8f:2d", action="send-deauth", reason="3"
2026-08-01T16:31:24+05:00 XiaoQiang kernel: wifi_log: [Class 1 - RECV AUTH] - if="wl1", sta_mac="7c:c2:94:bb:eb:cc", bssid="28:d1:27:5a:8f:2d", action="recv-auth", rssi="58", status="0", algorithm="0x0000", seq_num="1"
2026-08-01T16:31:24+05:00 XiaoQiang kernel: wifi_log: [Class 1 - RECV AUTH] - if="wl1", sta_mac="7c:c2:94:bb:eb:cc", bssid="28:d1:27:5a:8f:2d", action="recv-auth", rssi="57", status="0", algorithm="0x0000", seq_num="1"
2026-08-01T16:31:24+05:00 XiaoQiang kernel: wifi_log: [Class 1 - SEND AUTH] - if="wl1", sta_mac="7c:c2:94:bb:eb:cc", bssid="28:d1:27:5a:8f:2d", action="mlme-auth", status="0", seq_num="2"
2026-08-01T16:31:24+05:00 XiaoQiang kernel: wifi_log: [Class 2 - RECV ASSOC] - if="wl1", sta_mac="7c:c2:94:bb:eb:cc", bssid="28:d1:27:5a:8f:2d", action="recv-assoc", rssi="58"
2026-08-01T16:31:24+05:00 XiaoQiang kernel: wifi_log: [Class 2 - SEND ASSOC RSP] - if="wl1", sta_mac="7c:c2:94:bb:eb:cc", bssid="28:d1:27:5a:8f:2d", action="mlme-assoc", reason="0"
2026-08-01T16:31:47+05:00 XiaoQiang kernel: wifi_log: [Class 1 - RECV AUTH] - if="wl0", sta_mac="ae:33:60:30:7c:af", bssid="28:d1:27:5a:8f:2c", action="recv-auth", rssi="43", status="0", algorithm="0x0000", seq_num="1"
2026-08-01T16:31:47+05:00 XiaoQiang kernel: wifi_log: [Class 1 - SEND AUTH] - if="wl0", sta_mac="ae:33:60:30:7c:af", bssid="28:d1:27:5a:8f:2c", action="mlme-auth", status="0", seq_num="2"
2026-08-01T16:31:47+05:00 XiaoQiang kernel: wifi_log: [Class 2 - RECV ASSOC] - if="wl0", sta_mac="ae:33:60:30:7c:af", bssid="28:d1:27:5a:8f:2c", action="recv-assoc", rssi="43"
2026-08-01T16:31:47+05:00 XiaoQiang kernel: wifi_log: [Class 2 - SEND ASSOC RSP] - if="wl0", sta_mac="ae:33:60:30:7c:af", bssid="28:d1:27:5a:8f:2c", action="mlme-assoc", reason="0"
2026-08-01T16:31:48+05:00 XiaoQiang kernel: wifi_log: [Set auth Done] - if="wl0", sta_mac="ae:33:60:30:7c:af",bssid="28:d1:27:5a:8f:2c", action="authorize done", rssi="42"
2026-08-01T16:35:02+05:00 XiaoQiang kernel: wifi_log: [Class 1 - RECV AUTH] - if="wl0", sta_mac="9e:0a:f9:09:fe:ac", bssid="28:d1:27:5a:8f:2c", action="recv-auth", rssi="31", status="0", algorithm="0x0000", seq_num="1"
2026-08-01T16:35:02+05:00 XiaoQiang kernel: wifi_log: [Class 1 - SEND AUTH] - if="wl0", sta_mac="9e:0a:f9:09:fe:ac", bssid="28:d1:27:5a:8f:2c", action="mlme-auth", status="0", seq_num="2"
2026-08-01T16:35:02+05:00 XiaoQiang kernel: wifi_log: [Class 2 - RECV ASSOC] - if="wl0", sta_mac="9e:0a:f9:09:fe:ac", bssid="28:d1:27:5a:8f:2c", action="recv-assoc", rssi="31"
2026-08-01T16:35:02+05:00 XiaoQiang kernel: wifi_log: [Class 2 - SEND ASSOC RSP] - if="wl0", sta_mac="9e:0a:f9:09:fe:ac", bssid="28:d1:27:5a:8f:2c", action="mlme-assoc", reason="0"
2026-08-01T16:35:02+05:00 XiaoQiang kernel: wifi_log: [Set auth Done] - if="wl0", sta_mac="9e:0a:f9:09:fe:ac",bssid="28:d1:27:5a:8f:2c", action="authorize done", rssi="31"
2026-08-01T16:35:34+05:00 XiaoQiang kernel: wifi_log: [Class 1 - RECV DEAUTH] - if="wl0", sta_mac="9e:0a:f9:09:fe:ac", bssid="28:d1:27:5a:8f:2c", action="recv-deauth", reason="8", rssi="23"
